instruction_bin: "hello/instr.bin"
data_bin: "hello/data.bin"

max_interruptions: 2
