instruction_bin: "alg/instr.bin"
data_bin: "alg/data.bin"
debug: false
log_file: "akg/logs/cpu.log"

tick_limit: 10000

max_interruptions: 2
